[www.smartsites.com/work/web-design/hospitality/index.html]
[backblue.gif]
[fade.gif]
[index.html]
[www.smartsites.com/wp-content/cache/minify/8a587.js]
[www.smartsites.com/wp-content/cache/minify/aa68e.css]
[www.smartsites.com/wp-includes/js/jquery/jquery.minaf6c.js]
[www.smartsites.com/wp-content/cache/minify/ca199.js]
[www.smartsites.com/wp-content/themes/smartsites/images/banner-home-mobile-sm.jpg]
[www.smartsites.com/wp-content/themes/smartsites/images/banner-contact-mobile.jpg]
[www.smartsites.com/media/blue-water-point-570x348.png]
[www.smartsites.com/media/web-design-legends-catering-responsive-570x348.png]
[www.smartsites.com/media/presidential-aviation-banner-webdesign-570x348.png]
[www.smartsites.com/media/south-florida-distillers-570x322.png]
[www.smartsites.com/media/web-design-tint-marketing-responsive-570x348.png]
[www.smartsites.com/media/web-design-turkish-baklava-factory-responsive-570x348.png]
[www.smartsites.com/media/york-street-market-web-design-featured-image-570x348.png]
[www.smartsites.com/media/smartsites-partners-logo.png]
[www.smartsites.com/media/am-smartsites-ryan-brew.png]
[static.hsappstatic.net/MeetingsEmbed/ex/MeetingsEmbedCode.js]
[www.smartsites.com/wp-content/cache/minify/13546.js]
[www.smartsites.com/wp-content/cache/minify/e05f9.js]
[www.smartsites.com/wp-includes/js/dist/i18n.min771a.js]
[www.smartsites.com/wp-content/cache/minify/aba2a.js]
[www.smartsites.com/wp-content/cache/minify/24d96.js]
[www.smartsites.com/wp-content/cache/minify/adcb0.js]
[www.smartsites.com/wp-content/cache/minify/45ffb.js]
[www.smartsites.com/work/web-design/hospitality/index.html]
[www.smartsites.com/wp-content/themes/smartsites/images/banner-home-mobile.jpg]
[s3-us-west-1.amazonaws.com/smithai-assets-ng/appsmith-production-ng/2022-11-07_12-10-23/chat-widget/build.js]
[www.smartsites.com/wp-content/themes/smartsites/images/form-shape.png]
[www.smartsites.com/wp-content/themes/smartsites/images/expert-sprite-icons.png]
[www.smartsites.com/wp-content/themes/smartsites/images/sprite.png]
[www.smartsites.com/wp-content/themes/smartsites/images/youtube-btn.png]
[www.smartsites.com/wp-content/themes/smartsites/_src/images/bulb-sm.png]
[www.smartsites.com/wp-content/themes/smartsites/images/icon-ios.png]
[www.smartsites.com/wp-content/themes/smartsites/images/icon-android.png]
[www.smartsites.com/wp-content/plugins/easy-fancybox/images/fancybox.png]
[www.smartsites.com/wp-content/plugins/easy-fancybox/images/fancybox-x.png]
[www.smartsites.com/wp-content/cache/minify/aa68e.css]
[www.smartsites.com/wp-content/cache/minify/8a587.js]
[www.smartsites.com/wp-includes/js/jquery/jquery.minaf6c.js]
[www.smartsites.com/wp-content/cache/minify/ca199.js]
[www.googletagmanager.com/gtm5445.html]
[www.smartsites.com/wp-content/cache/minify/13546.js]
[www.smartsites.com/wp-content/cache/minify/e05f9.js]
[www.smartsites.com/wp-includes/js/dist/i18n.min771a.js]
[www.smartsites.com/wp-content/cache/minify/aba2a.js]
[www.smartsites.com/wp-content/cache/minify/24d96.js]
[www.smartsites.com/wp-content/cache/minify/adcb0.js]
[www.smartsites.com/wp-content/cache/minify/45ffb.js]
[www.smartsites.com/wp-content/themes/smartsites/_src/images/bulb-sm.html]
[www.smartsites.com/work/web-design/hospitality/dist/index.html]
[raw.githubusercontent.com/w3c/IntersectionObserver/master/polyfill/intersection-observer.js]
